[  1] prvni..................................................................OK
[  2] druhy
    sub1.....................................................................OK
    sub2...................................................................FAIL
        assert '0' (all-fail.c:16)

    sub3.....................................................................OK
[  2] druhy (overall)......................................................FAIL

[  3] treti................................................................FAIL
    assert '0' (all-fail.c:24)

    signal code: 11
[  4] ctvrty...............................................................FAIL
    debug messages:
      co to je? asi 6 (all-fail.c:28)
      tohle jeste uvidim (all-fail.c:30)

[  5] paty.................................................................FAIL
    timeouted (3 s)

[  6] sesty..................................................................OK
[  7] osm..................................................................FAIL
    return code: 10


Summary:
  tests:       7
  succeeded:   2
  skipped:     0
  failed:      5
