[  1] checkFail............................................................[1;31mFAIL[0m
    check '0' (check-fail.c:4)
    check '0' (check-fail.c:5)


Summary:
  tests:       1
  succeeded:   0
  skipped:     0
  failed:      1
