[  1] checkSuccess...........................................................OK

Summary:
  tests:       1
  succeeded:   1
  skipped:     0
  failed:      0
