[  1] cppCout................................................................[1;32mOK[0m

Summary:
  tests:       1
  succeeded:   1
  skipped:     0
  failed:      0
