b'[  1] 1OK....................................................................\x1b[1;32mOK\x1b[0m\n[  2] 2FAIL................................................................\x1b[1;31mFAIL\x1b[0m\n    signal code: 11\n\n[  3] 3OK....................................................................\x1b[1;32mOK\x1b[0m\n\nSummary:\n  tests:       3\n  succeeded:   2\n  skipped:     0\n  failed:      1\n'