b'[  1] repeated\n    some name #1.............................................................\x1b[1;32mOK\x1b[0m\n              #2.............................................................\x1b[1;32mOK\x1b[0m\n              #3.............................................................\x1b[1;32mOK\x1b[0m\n              #4.............................................................\x1b[1;32mOK\x1b[0m\n              #5.............................................................\x1b[1;32mOK\x1b[0m\n              #6.............................................................\x1b[1;32mOK\x1b[0m\n[  1] repeated (overall).....................................................\x1b[1;32mOK\x1b[0m\n\n\nSummary:\n  tests:       1\n  succeeded:   1\n  skipped:     0\n  failed:      0\n'