b'[  1] withSubtest\n    S1.......................................................................\x1b[1;32mOK\x1b[0m\n    S2.......................................................................\x1b[1;32mOK\x1b[0m\n[  1] withSubtest (overall)..................................................\x1b[1;32mOK\x1b[0m\n\n\nSummary:\n  tests:       1\n  succeeded:   1\n  skipped:     0\n  failed:      0\n'