b'[  1] success................................................................\x1b[1;32mOK\x1b[0m\n\nSummary:\n  tests:       1\n  succeeded:   1\n  skipped:     0\n  failed:      0\n'