[  1] withSubtest
    S1.....................................................................[1;31mFAIL[0m
        check '0' (simple-subtest-fail.c:6)

    S2 (failing)...........................................................[1;31mFAIL[0m
        assert '0' (simple-subtest-fail.c:11)

    S3.......................................................................[1;32mOK[0m
    S4.....................................................................[1;31mFAIL[0m
        signal code: 11

[  1] withSubtest (overall)................................................[1;31mFAIL[0m


Summary:
  tests:       1
  succeeded:   0
  skipped:     0
  failed:      1
